[www.bndmarkets.com/tr/index.html]
[backblue.gif]
[fade.gif]
[index.html]
[www.bndmarkets.com/favicon.png]
[www.bndmarkets.com/Content/Css/bootstrap.min.css]
[www.bndmarkets.com/Content/Css/main1c07.css]
[www.bndmarkets.com/Content/Css/swiper.min.css]
[www.bndmarkets.com/Content/Css/style.tr5e1f.css]
[www.bndmarkets.com/Content/Css/sidemenu7839.css]
[external.html]
[www.bndmarkets.com/Content/Fonts/poppins.css]
[unpkg.com/aos@2.3.1/dist/aos.css]
[www.bndmarkets.com/tr/About/terms-and-conditions.html]
[www.bndmarkets.com/tr/About/privacy-policy.html]
[www.bndmarkets.com/tr/About/risk-disclousre]
[www.bndmarkets.com/Content/Images/logo_light.png]
[www.bndmarkets.com/tr/Assets/Commodities.html]
[www.bndmarkets.com/tr/Assets/Cryptocurrencies.html]
[www.bndmarkets.com/tr/Assets/Currencies.html]
[www.bndmarkets.com/tr/Assets/ETF.html]
[www.bndmarkets.com/tr/Assets/Indices.html]
[www.bndmarkets.com/tr/Assets/Stocks.html]
[www.bndmarkets.com/tr/competition/july2022.html]
[www.bndmarkets.com/tr/Education/LiveTrainingSessions.html]
[www.bndmarkets.com/tr/Education/WhatIsForex.html]
[www.bndmarkets.com/tr/Education/Dictionary.html]
[www.bndmarkets.com/tr/Trading/DepositOptions.html]
[www.bndmarkets.com/tr/Trading/LeverageMargin.html]
[www.bndmarkets.com/tr/Trading/Platforms.html]
[www.bndmarkets.com/tr/Trading/AssetsExpiration.html]
[www.bndmarkets.com/tr/Trading/Spreads.html]
[www.bndmarkets.com/tr/About/about-us.html]
[www.bndmarkets.com/tr/About/kyc-policy.html]
[www.bndmarkets.com/tr/About/aml-policy.html]
[www.bndmarkets.com/tr/About/risk-disclosure.html]
[www.bndmarkets.com/Content/Images/prize_img.png]
[www.bndmarkets.com/tr/About/contact-us.html]
[www.bndmarkets.com/Content/Images/feature1.png]
[www.bndmarkets.com/Content/Images/feature2.png]
[www.bndmarkets.com/Content/Images/feature3.png]
[www.bndmarkets.com/Content/Images/feature4.png]
[www.bndmarkets.com/Content/Images/feature5.png]
[www.bndmarkets.com/Content/Images/feature6.png]
[www.bndmarkets.com/Content/Images/trading-platform.png]
[www.bndmarkets.com/Content/Images/account_step1.png]
[www.bndmarkets.com/Content/Images/account_step2.png]
[www.bndmarkets.com/Content/Images/account_step3.png]
[www.bndmarkets.com/Content/Images/cashback.png]
[www.bndmarkets.com/Content/Images/live-markets.png]
[www.bndmarkets.com/Content/Images/economic-calender-mobiles3860.png]
[www.bndmarkets.com/cdn-cgi/scripts/5c5dd728/cloudflare-static/email-decode.min.js]
[www.bndmarkets.com/Scripts/jquery-3.4.1.min.js]
[www.bndmarkets.com/Scripts/popper.min.js]
[www.bndmarkets.com/Scripts/bootstrap.min.js]
[www.bndmarkets.com/Scripts/sidemenu5e1f.js]
[cdnjs.cloudflare.com/ajax/libs/Swiper/4.1.6/js/swiper.min.js]
[unpkg.com/aos@2.3.1/dist/aos.js]
[cdn.livechatinc.com/tracking.js]
[www.bndmarkets.com/tr/index.html]
[www.bndmarkets.com/Content/Css/bootstrap.min.css]
[www.bndmarkets.com/Content/Images/down_arrow.png]
[www.bndmarkets.com/Content/Images/webtrader_icon.png]
[www.bndmarkets.com/Content/Images/flags/flags_25.png]
[www.bndmarkets.com/Content/Images/banner_1_1920.png]
[www.bndmarkets.com/Content/Images/banner_july2022_1920.png]
[www.bndmarkets.com/Content/Images/trading_central.png]
[www.bndmarkets.com/Content/Images/footer_bg.png]
[www.bndmarkets.com/Content/images/social-ico.png]
[www.bndmarkets.com/Content/Images/banner_1_768.png]
[www.bndmarkets.com/Content/Images/banner_july2022_768.png]
[www.bndmarkets.com/Content/Css/main1c07.css]
[www.bndmarkets.com/Content/Css/swiper.min.css]
[www.bndmarkets.com/Content/Css/style.tr5e1f.html]
[www.bndmarkets.com/Content/Images/trading_tools_bg_sm_1.png]
[seeklogo.com/images/G/google-logo-28FA7991AF-seeklogo.com.png]
[www.bndmarkets.com/Content/Css/sidemenu7839.css]
[www.bndmarkets.com/Content/Images/arrow-down-orange.png]
[www.bndmarkets.com/Content/Fonts/Poppins-SemiBold.ttf]
[www.bndmarkets.com/Content/Fonts/Poppins-BlackItalic.ttf]
[www.bndmarkets.com/Content/Fonts/Poppins-ExtraBoldItalic.ttf]
[www.bndmarkets.com/Content/Fonts/Poppins-ThinItalic.ttf]
[www.bndmarkets.com/Content/Fonts/Poppins-LightItalic.ttf]
[www.bndmarkets.com/Content/Fonts/Poppins-Italic.ttf]
[www.bndmarkets.com/Content/Fonts/Poppins-Medium.ttf]
[www.bndmarkets.com/Content/Fonts/Poppins-Regular.ttf]
[www.bndmarkets.com/Content/Fonts/Poppins-Black.ttf]
[www.bndmarkets.com/Content/Fonts/Poppins-ExtraLightItalic.ttf]
[www.bndmarkets.com/Content/Fonts/Poppins-SemiBoldItalic.ttf]
[www.bndmarkets.com/Content/Fonts/Poppins-BoldItalic.ttf]
[www.bndmarkets.com/Content/Fonts/Poppins-MediumItalic.ttf]
[www.bndmarkets.com/Content/Fonts/Poppins-Thin.ttf]
[www.bndmarkets.com/Content/Fonts/Poppins-Light.ttf]
[www.bndmarkets.com/Content/Fonts/Poppins-Bold.ttf]
[www.bndmarkets.com/Content/Fonts/Poppins-ExtraLight.ttf]
[www.bndmarkets.com/Content/Fonts/poppins.css]
[unpkg.com/aos@2.3.1/dist/aos.css]
[www.bndmarkets.com/tr/About/terms-and-conditions.html]
[www.bndmarkets.com/tr/About/privacy-policy.html]
[www.bndmarkets.com/tr/About/risk-disclousre.html]
[www.bndmarkets.com/Content/Fonts/Poppins-ExtraBold.ttf]
[www.bndmarkets.com/Content/Images/commodities-icons.png]
[cdnjs.cloudflare.com/ajax/libs/intl-tel-input/12.1.0/js/utils.js]
[cdnjs.cloudflare.com/ajax/libs/intl-tel-input/12.1.0/js/intlTelInput.min.js]
[unpkg.com/sweetalert/dist/sweetalert.min.58.delayed]
[www.bndmarkets.com/tr/Assets/Commodities.html]
[unpkg.com/sweetalert@2.1.2/dist/sweetalert.min.js]
[www.bndmarkets.com/Content/Images/cryptocurrencies-icons.png]
[www.bndmarkets.com/tr/Assets/Cryptocurrencies.html]
[www.bndmarkets.com/tr/Assets/Currencies.html]
[www.bndmarkets.com/Content/Images/etf-icons.png]
[www.bndmarkets.com/tr/Assets/ETF.html]
[www.bndmarkets.com/tr/Assets/Indices.html]
[www.bndmarkets.com/Content/Images/indices-icons.png]
[www.bndmarkets.com/Content/Images/stocks-icons.png]
[www.bndmarkets.com/tr/Assets/Stocks.html]
[www.bndmarkets.com/faviconf00a.png]
[www.bndmarkets.com/Content/competition/css/bootstrap.min.css]
[www.bndmarkets.com/Content/Css/fonts3860.css]
[www.bndmarkets.com/Content/competition/css/main5e1f.css]
[www.bndmarkets.com/content/competition/imgs/ico-1.png]
[www.bndmarkets.com/content/competition/imgs/ico-2.png]
[www.bndmarkets.com/content/competition/imgs/ico-3.png]
[www.bndmarkets.com/content/competition/imgs/ico-4.png]
[www.bndmarkets.com/content/competition/imgs/ico-5.png]
[www.bndmarkets.com/Content/Images/go-up-arrow.png]
[code.jquery.com/jquery-3.3.1.min.js]
[cdnjs.cloudflare.com/ajax/libs/popper.js/1.14.6/umd/popper.min.js]
[www.bndmarkets.com/tr/competition/july2022.html]
[stackpath.bootstrapcdn.com/bootstrap/4.2.1/js/bootstrap.min.js]
[www.bndmarkets.com/Content/Images/live-sessions.png]
[www.bndmarkets.com/Content/Images/live-session-bg.png]
[www.bndmarkets.com/Content/images/ajax-loader.6d.delayed]
[www.bndmarkets.com/Content/Images/live-session-img1.png]
[www.bndmarkets.com/Content/Images/live-session-img2.png]
[www.bndmarkets.com/Content/Images/live-session-img3.png]
[www.bndmarkets.com/tr/Education/LiveTrainingSessions.html]
[www.bndmarkets.com/Content/Images/forex-img1.png]
[www.bndmarkets.com/Content/Images/forex-img2.png]
[www.bndmarkets.com/Content/Images/forex-img3.png]
[www.bndmarkets.com/Content/Images/forex-img4.png]
[www.bndmarkets.com/Content/Images/forex-img5.png]
[www.bndmarkets.com/tr/Education/WhatIsForex.html]
[www.bndmarkets.com/Content/Images/dictionary-header.png]
[www.bndmarkets.com/tr/Education/Dictionary.html]
[www.bndmarkets.com/tr/Trading/DepositOptions.html]
[www.bndmarkets.com/tr/Trading/LeverageMargin.html]
[www.bndmarkets.com/Content/Images/deposit-icons.png]
[www.bndmarkets.com/Content/Images/platforms-icons.png]
[www.bndmarkets.com/tr/Trading/Platforms.html]
[www.bndmarkets.com/tr/Trading/AssetsExpiration.html]
[www.bndmarkets.com/tr/Trading/Spreads.html]
[www.bndmarkets.com/Scripts/lodash.min.js]
[www.bndmarkets.com/Content/Images/aboutus-icons1.png]
[www.bndmarkets.com/Content/Images/aboutus-icons2.png]
[www.bndmarkets.com/Content/Images/about-us-img1.png]
[www.bndmarkets.com/Content/Images/about-us-img2.png]
[www.bndmarkets.com/tr/About/about-us.html]
[www.bndmarkets.com/tr/About/kyc-policy.html]
[www.bndmarkets.com/tr/About/aml-policy.html]
[www.bndmarkets.com/tr/About/risk-disclosure.html]
[www.bndmarkets.com/Content/Images/email_phone3860.png]
[www.bndmarkets.com/tr/About/contact-us.html]
[www.bndmarkets.com/Content/competition/css/bootstrap.min.css]
[www.bndmarkets.com/Content/Css/fonts3860.html]
[www.bndmarkets.com/Content/competition/css/klavika-bold.otf]
[www.bndmarkets.com/Content/competition/css/Druk-XCondSuperItalic.otf]
[www.bndmarkets.com/Content/competition/css/DrukWeb-Medium.ttf]
[www.bndmarkets.com/Content/competition/css/DrukWeb-MediumItalic.ttf]
[www.bndmarkets.com/Content/competition/css/DrukWeb-HeavyItalic.ttf]
[www.bndmarkets.com/Content/Images/banner_3_1920.png]
[www.bndmarkets.com/Content/competition/imgs/bg.png]
[www.bndmarkets.com/Content/Images/banner_March2022_768.png]
[www.bndmarkets.com/Content/competition/css/main5e1f.css]
[www.bndmarkets.com/Content/images/ajax-loader.html]
